// Jest Snapshot v1, https://goo.gl/fbAQLP

exports[`Test para el componente GifItem Debe haber un match con el snapshot 1`] = `
<div>
  <div
    class="card"
  >
    <img
      alt="Batman"
      src="https://localhost/algo.jpg"
    />
    <p>
      Batman
    </p>
  </div>
</div>
`;
