// Jest Snapshot v1, https://goo.gl/fbAQLP

exports[`Pruebas en First-app Debe de hacer match con el snapshot 1`] = `
<div>
  <h1
    data-testid="test-title"
  >
    Titulo epico
  </h1>
  <p>
    Subtitulo
  </p>
  <p>
    Subtitulo
  </p>
</div>
`;
